Automated commit on Sat Aug 22 12:56:57 UTC 2026.
pair badge commit
Automated commit on Sun Aug 23 01:15:36 UTC 2026
Automated commit on Mon Aug 24 01:13:34 UTC 2026
Automated commit on Tue Aug 25 01:11:43 UTC 2026
Automated commit on Wed Aug 26 01:14:25 UTC 2026
Automated commit on Thu Aug 27 07:42:20 UTC 2026
Automated commit on Fri Aug 28 09:44:36 UTC 2026
Automated commit on Sat Aug 29 05:47:36 UTC 2026
Automated commit on Sun Aug 30 03:51:00 UTC 2026
Automated commit on Mon Aug 31 03:53:28 UTC 2026
Automated commit on Tue Sep  1 03:45:29 UTC 2026
Automated commit on Wed Sep  2 03:04:12 UTC 2026
Automated commit on Thu Sep  3 03:08:59 UTC 2026
Automated commit on Fri Sep  4 03:05:07 UTC 2026
Automated commit on Sat Sep  5 03:07:24 UTC 2026
Automated commit on Sun Sep  6 03:07:08 UTC 2026
Automated commit on Mon Sep  7 03:04:58 UTC 2026
Automated commit on Tue Sep  8 03:14:24 UTC 2026
Automated commit on Wed Sep  9 03:16:51 UTC 2026
Automated commit on Thu Sep 10 03:16:36 UTC 2026
Automated commit on Fri Sep 11 03:11:55 UTC 2026
Automated commit on Sat Sep 12 03:17:48 UTC 2026
Automated commit on Sun Sep 13 03:23:05 UTC 2026
Automated commit on Mon Sep 14 03:33:44 UTC 2026
Automated commit on Tue Sep 15 03:35:04 UTC 2026
Automated commit on Wed Sep 16 03:31:01 UTC 2026
Automated commit on Thu Sep 17 03:36:31 UTC 2026
Automated commit on Fri Sep 18 03:22:18 UTC 2026
Automated commit on Sat Sep 19 03:19:14 UTC 2026
Automated commit on Sun Sep 20 03:35:52 UTC 2026
Automated commit on Mon Sep 21 03:30:28 UTC 2026
Automated commit on Tue Sep 22 03:29:31 UTC 2026
Automated commit on Wed Sep 23 03:30:13 UTC 2026
